[2026-05-07 20:58:52] [ERROR] [database.user_repositories] UserRepo: Erro ao buscar usuário 'julianafeitosa': psycopg2 não instalado. Execute: pip install psycopg2-binary
[2026-05-07 20:59:12] [ERROR] [database.user_repositories] UserRepo: Erro ao buscar usuário 'julianafeitosa': psycopg2 não instalado. Execute: pip install psycopg2-binary
[2026-05-07 20:59:27] [ERROR] [database.user_repositories] UserRepo: Erro ao buscar usuário 'admin': psycopg2 não instalado. Execute: pip install psycopg2-binary
[2026-05-07 20:59:30] [ERROR] [database.user_repositories] UserRepo: Erro ao buscar usuário 'admin': psycopg2 não instalado. Execute: pip install psycopg2-binary
[2026-05-07 20:59:36] [ERROR] [database.user_repositories] UserRepo: Erro ao buscar usuário 'admin': psycopg2 não instalado. Execute: pip install psycopg2-binary
[2026-05-07 21:18:51] [ERROR] [database.user_repositories] UserRepo: Erro ao buscar usuário 'admin': No secrets found. Valid paths for a secrets.toml file or secret directories are: /home/jean/.streamlit/secrets.toml, /media/jean/7AF8AFA7F8AF5FDD/JULIANA_MVP/.streamlit/secrets.toml
[2026-05-07 21:38:51] [ERROR] [database.user_repositories] UserRepo: Erro ao buscar usuário 'admin': No secrets found. Valid paths for a secrets.toml file or secret directories are: /home/jean/.streamlit/secrets.toml, /media/jean/7AF8AFA7F8AF5FDD/JULIANA_MVP/.streamlit/secrets.toml
[2026-05-07 21:39:23] [ERROR] [database.user_repositories] UserRepo: Erro ao buscar usuário 'admin': No secrets found. Valid paths for a secrets.toml file or secret directories are: /home/jean/.streamlit/secrets.toml, /media/jean/7AF8AFA7F8AF5FDD/JULIANA_MVP/.streamlit/secrets.toml
[2026-05-07 21:39:30] [ERROR] [database.user_repositories] UserRepo: Erro ao buscar usuário 'admin': No secrets found. Valid paths for a secrets.toml file or secret directories are: /home/jean/.streamlit/secrets.toml, /media/jean/7AF8AFA7F8AF5FDD/JULIANA_MVP/.streamlit/secrets.toml
[2026-05-07 21:39:36] [ERROR] [database.user_repositories] UserRepo: Erro ao buscar usuário 'admin': No secrets found. Valid paths for a secrets.toml file or secret directories are: /home/jean/.streamlit/secrets.toml, /media/jean/7AF8AFA7F8AF5FDD/JULIANA_MVP/.streamlit/secrets.toml
[2026-05-07 21:46:16] [ERROR] [database.user_repositories] UserRepo: Erro ao buscar usuário 'admin': No secrets found. Valid paths for a secrets.toml file or secret directories are: /home/jean/.streamlit/secrets.toml, /media/jean/7AF8AFA7F8AF5FDD/JULIANA_MVP/.streamlit/secrets.toml
[2026-05-07 21:46:22] [ERROR] [database.user_repositories] UserRepo: Erro ao buscar usuário 'admin': No secrets found. Valid paths for a secrets.toml file or secret directories are: /home/jean/.streamlit/secrets.toml, /media/jean/7AF8AFA7F8AF5FDD/JULIANA_MVP/.streamlit/secrets.toml
[2026-05-07 21:46:27] [ERROR] [database.user_repositories] UserRepo: Erro ao buscar usuário 'admin': No secrets found. Valid paths for a secrets.toml file or secret directories are: /home/jean/.streamlit/secrets.toml, /media/jean/7AF8AFA7F8AF5FDD/JULIANA_MVP/.streamlit/secrets.toml
[2026-05-07 21:47:02] [ERROR] [database.user_repositories] UserRepo: Erro ao buscar usuário 'julianafeitosa': No secrets found. Valid paths for a secrets.toml file or secret directories are: /home/jean/.streamlit/secrets.toml, /media/jean/7AF8AFA7F8AF5FDD/JULIANA_MVP/.streamlit/secrets.toml
[2026-05-07 21:47:26] [ERROR] [database.user_repositories] UserRepo: Erro ao buscar usuário 'julianafeitosa': No secrets found. Valid paths for a secrets.toml file or secret directories are: /home/jean/.streamlit/secrets.toml, /media/jean/7AF8AFA7F8AF5FDD/JULIANA_MVP/.streamlit/secrets.toml
[2026-05-07 21:47:31] [ERROR] [database.user_repositories] UserRepo: Erro ao buscar usuário 'julianafeitosa': No secrets found. Valid paths for a secrets.toml file or secret directories are: /home/jean/.streamlit/secrets.toml, /media/jean/7AF8AFA7F8AF5FDD/JULIANA_MVP/.streamlit/secrets.toml
[2026-05-07 21:47:32] [ERROR] [database.user_repositories] UserRepo: Erro ao buscar usuário 'julianafeitosa': No secrets found. Valid paths for a secrets.toml file or secret directories are: /home/jean/.streamlit/secrets.toml, /media/jean/7AF8AFA7F8AF5FDD/JULIANA_MVP/.streamlit/secrets.toml
[2026-05-07 21:47:46] [ERROR] [database.user_repositories] UserRepo: Erro ao buscar usuário 'admin': No secrets found. Valid paths for a secrets.toml file or secret directories are: /home/jean/.streamlit/secrets.toml, /media/jean/7AF8AFA7F8AF5FDD/JULIANA_MVP/.streamlit/secrets.toml
[2026-05-07 21:47:50] [ERROR] [database.user_repositories] UserRepo: Erro ao buscar usuário 'admin': No secrets found. Valid paths for a secrets.toml file or secret directories are: /home/jean/.streamlit/secrets.toml, /media/jean/7AF8AFA7F8AF5FDD/JULIANA_MVP/.streamlit/secrets.toml
[2026-05-07 21:47:50] [ERROR] [database.user_repositories] UserRepo: Erro ao buscar usuário 'admin': No secrets found. Valid paths for a secrets.toml file or secret directories are: /home/jean/.streamlit/secrets.toml, /media/jean/7AF8AFA7F8AF5FDD/JULIANA_MVP/.streamlit/secrets.toml
[2026-05-07 21:47:50] [ERROR] [database.user_repositories] UserRepo: Erro ao buscar usuário 'admin': No secrets found. Valid paths for a secrets.toml file or secret directories are: /home/jean/.streamlit/secrets.toml, /media/jean/7AF8AFA7F8AF5FDD/JULIANA_MVP/.streamlit/secrets.toml
[2026-05-07 21:47:50] [ERROR] [database.user_repositories] UserRepo: Erro ao buscar usuário 'admin': No secrets found. Valid paths for a secrets.toml file or secret directories are: /home/jean/.streamlit/secrets.toml, /media/jean/7AF8AFA7F8AF5FDD/JULIANA_MVP/.streamlit/secrets.toml
[2026-05-07 21:54:55] [ERROR] [database.user_repositories] UserRepo: Erro ao buscar usuário 'admin': No secrets found. Valid paths for a secrets.toml file or secret directories are: /home/jean/.streamlit/secrets.toml, /media/jean/7AF8AFA7F8AF5FDD/JULIANA_MVP/.streamlit/secrets.toml
[2026-05-07 21:59:25] [ERROR] [database.user_repositories] UserRepo: Erro ao buscar usuário 'admin': No secrets found. Valid paths for a secrets.toml file or secret directories are: /home/jean/.streamlit/secrets.toml, /media/jean/7AF8AFA7F8AF5FDD/JULIANA_MVP/.streamlit/secrets.toml
[2026-05-07 22:00:01] [ERROR] [database.user_repositories] UserRepo: Erro ao buscar usuário 'admin': No secrets found. Valid paths for a secrets.toml file or secret directories are: /home/jean/.streamlit/secrets.toml, /media/jean/7AF8AFA7F8AF5FDD/JULIANA_MVP/.streamlit/secrets.toml
[2026-05-07 22:01:06] [ERROR] [database.user_repositories] UserRepo: Erro ao buscar usuário 'admin': No secrets found. Valid paths for a secrets.toml file or secret directories are: /home/jean/.streamlit/secrets.toml, /media/jean/7AF8AFA7F8AF5FDD/JULIANA_MVP/.streamlit/secrets.toml
[2026-05-07 22:01:06] [ERROR] [database.user_repositories] UserRepo: Erro ao buscar usuário 'admin': No secrets found. Valid paths for a secrets.toml file or secret directories are: /home/jean/.streamlit/secrets.toml, /media/jean/7AF8AFA7F8AF5FDD/JULIANA_MVP/.streamlit/secrets.toml
[2026-05-07 22:01:18] [ERROR] [database.user_repositories] UserRepo: Erro ao buscar usuário 'admin': No secrets found. Valid paths for a secrets.toml file or secret directories are: /home/jean/.streamlit/secrets.toml, /media/jean/7AF8AFA7F8AF5FDD/JULIANA_MVP/.streamlit/secrets.toml
[2026-05-07 22:01:18] [ERROR] [database.user_repositories] UserRepo: Erro ao buscar usuário 'admin': No secrets found. Valid paths for a secrets.toml file or secret directories are: /home/jean/.streamlit/secrets.toml, /media/jean/7AF8AFA7F8AF5FDD/JULIANA_MVP/.streamlit/secrets.toml
[2026-05-07 22:07:37] [ERROR] [database.user_repositories] UserRepo: Erro ao buscar usuário 'admin': No secrets found. Valid paths for a secrets.toml file or secret directories are: /home/jean/.streamlit/secrets.toml, /media/jean/7AF8AFA7F8AF5FDD/JULIANA_MVP/.streamlit/secrets.toml
[2026-05-07 22:07:37] [ERROR] [database.user_repositories] UserRepo: Erro ao buscar usuário 'admin': No secrets found. Valid paths for a secrets.toml file or secret directories are: /home/jean/.streamlit/secrets.toml, /media/jean/7AF8AFA7F8AF5FDD/JULIANA_MVP/.streamlit/secrets.toml
[2026-05-07 22:11:24] [ERROR] [database.user_repositories] UserRepo: Erro ao buscar usuário 'admin': No secrets found. Valid paths for a secrets.toml file or secret directories are: /home/jean/.streamlit/secrets.toml, /media/jean/7AF8AFA7F8AF5FDD/JULIANA_MVP/.streamlit/secrets.toml
[2026-05-07 22:11:28] [ERROR] [database.user_repositories] UserRepo: Erro ao buscar usuário 'admin': No secrets found. Valid paths for a secrets.toml file or secret directories are: /home/jean/.streamlit/secrets.toml, /media/jean/7AF8AFA7F8AF5FDD/JULIANA_MVP/.streamlit/secrets.toml
[2026-05-07 22:11:39] [ERROR] [database.user_repositories] UserRepo: Erro ao buscar usuário 'admin': No secrets found. Valid paths for a secrets.toml file or secret directories are: /home/jean/.streamlit/secrets.toml, /media/jean/7AF8AFA7F8AF5FDD/JULIANA_MVP/.streamlit/secrets.toml
[2026-05-07 22:13:09] [ERROR] [database.user_repositories] UserRepo: Erro ao buscar usuário 'admin': No secrets found. Valid paths for a secrets.toml file or secret directories are: /home/jean/.streamlit/secrets.toml, /media/jean/7AF8AFA7F8AF5FDD/JULIANA_MVP/.streamlit/secrets.toml
[2026-05-07 22:15:44] [ERROR] [database.user_repositories] UserRepo: Erro ao buscar usuário 'admin': No secrets found. Valid paths for a secrets.toml file or secret directories are: /home/jean/.streamlit/secrets.toml, /media/jean/7AF8AFA7F8AF5FDD/JULIANA_MVP/.streamlit/secrets.toml
[2026-05-07 22:15:44] [ERROR] [database.user_repositories] UserRepo: Erro ao buscar usuário 'admin': No secrets found. Valid paths for a secrets.toml file or secret directories are: /home/jean/.streamlit/secrets.toml, /media/jean/7AF8AFA7F8AF5FDD/JULIANA_MVP/.streamlit/secrets.toml
[2026-05-07 22:18:08] [ERROR] [database.user_repositories] UserRepo: Erro ao buscar usuário 'admin': No secrets found. Valid paths for a secrets.toml file or secret directories are: /home/jean/.streamlit/secrets.toml, /media/jean/7AF8AFA7F8AF5FDD/JULIANA_MVP/.streamlit/secrets.toml
[2026-05-07 22:18:15] [ERROR] [database.user_repositories] UserRepo: Erro ao buscar usuário 'admin': No secrets found. Valid paths for a secrets.toml file or secret directories are: /home/jean/.streamlit/secrets.toml, /media/jean/7AF8AFA7F8AF5FDD/JULIANA_MVP/.streamlit/secrets.toml
[2026-05-11 20:23:10] [ERROR] [database.repositories] Erro ao calcular stats do dashboard: No secrets found. Valid paths for a secrets.toml file or secret directories are: /home/jean/.streamlit/secrets.toml, /media/jean/7AF8AFA7F8AF5FDD/gestao_clinica/.streamlit/secrets.toml
[2026-05-11 20:23:10] [ERROR] [database.repositories] Erro ao listar atendimentos: No secrets found. Valid paths for a secrets.toml file or secret directories are: /home/jean/.streamlit/secrets.toml, /media/jean/7AF8AFA7F8AF5FDD/gestao_clinica/.streamlit/secrets.toml
[2026-05-11 20:24:20] [ERROR] [database.user_repositories] UserRepo: Erro ao buscar usuário 'admin': No secrets found. Valid paths for a secrets.toml file or secret directories are: /home/jean/.streamlit/secrets.toml, /media/jean/7AF8AFA7F8AF5FDD/gestao_clinica/.streamlit/secrets.toml
[2026-05-11 20:24:57] [ERROR] [database.user_repositories] UserRepo: Erro ao buscar usuário 'admin': No secrets found. Valid paths for a secrets.toml file or secret directories are: /home/jean/.streamlit/secrets.toml, /media/jean/7AF8AFA7F8AF5FDD/gestao_clinica/.streamlit/secrets.toml
[2026-05-11 20:26:05] [ERROR] [database.user_repositories] UserRepo: Erro ao buscar usuário 'admin': No secrets found. Valid paths for a secrets.toml file or secret directories are: /home/jean/.streamlit/secrets.toml, /media/jean/7AF8AFA7F8AF5FDD/gestao_clinica/.streamlit/secrets.toml
[2026-05-11 20:26:28] [ERROR] [database.user_repositories] UserRepo: Erro ao buscar usuário 'admin': No secrets found. Valid paths for a secrets.toml file or secret directories are: /home/jean/.streamlit/secrets.toml, /media/jean/7AF8AFA7F8AF5FDD/gestao_clinica/.streamlit/secrets.toml
[2026-05-11 20:32:11] [ERROR] [database.user_repositories] UserRepo: Erro ao buscar usuário 'admin': No secrets found. Valid paths for a secrets.toml file or secret directories are: /home/jean/.streamlit/secrets.toml, /media/jean/7AF8AFA7F8AF5FDD/gestao_clinica/.streamlit/secrets.toml
[2026-05-11 20:32:11] [ERROR] [database.user_repositories] UserRepo: Erro ao buscar usuário 'admin': No secrets found. Valid paths for a secrets.toml file or secret directories are: /home/jean/.streamlit/secrets.toml, /media/jean/7AF8AFA7F8AF5FDD/gestao_clinica/.streamlit/secrets.toml
[2026-05-11 20:32:11] [ERROR] [database.user_repositories] UserRepo: Erro ao buscar usuário 'admin': No secrets found. Valid paths for a secrets.toml file or secret directories are: /home/jean/.streamlit/secrets.toml, /media/jean/7AF8AFA7F8AF5FDD/gestao_clinica/.streamlit/secrets.toml
[2026-05-11 20:34:02] [ERROR] [database.user_repositories] UserRepo: Erro ao buscar usuário 'admin': No secrets found. Valid paths for a secrets.toml file or secret directories are: /home/jean/.streamlit/secrets.toml, /media/jean/7AF8AFA7F8AF5FDD/gestao_clinica/.streamlit/secrets.toml
[2026-05-11 20:34:02] [ERROR] [database.user_repositories] UserRepo: Erro ao buscar usuário 'admin': No secrets found. Valid paths for a secrets.toml file or secret directories are: /home/jean/.streamlit/secrets.toml, /media/jean/7AF8AFA7F8AF5FDD/gestao_clinica/.streamlit/secrets.toml
[2026-05-11 20:34:02] [ERROR] [database.user_repositories] UserRepo: Erro ao buscar usuário 'admin': No secrets found. Valid paths for a secrets.toml file or secret directories are: /home/jean/.streamlit/secrets.toml, /media/jean/7AF8AFA7F8AF5FDD/gestao_clinica/.streamlit/secrets.toml
[2026-05-11 20:34:02] [ERROR] [database.user_repositories] UserRepo: Erro ao buscar usuário 'admin': No secrets found. Valid paths for a secrets.toml file or secret directories are: /home/jean/.streamlit/secrets.toml, /media/jean/7AF8AFA7F8AF5FDD/gestao_clinica/.streamlit/secrets.toml
[2026-05-11 20:34:02] [ERROR] [database.repositories] Erro ao calcular stats do dashboard: No secrets found. Valid paths for a secrets.toml file or secret directories are: /home/jean/.streamlit/secrets.toml, /media/jean/7AF8AFA7F8AF5FDD/gestao_clinica/.streamlit/secrets.toml
[2026-05-11 20:34:02] [ERROR] [database.repositories] Erro ao calcular stats do dashboard: No secrets found. Valid paths for a secrets.toml file or secret directories are: /home/jean/.streamlit/secrets.toml, /media/jean/7AF8AFA7F8AF5FDD/gestao_clinica/.streamlit/secrets.toml
[2026-05-11 20:34:02] [ERROR] [database.repositories] Erro ao calcular stats do dashboard: No secrets found. Valid paths for a secrets.toml file or secret directories are: /home/jean/.streamlit/secrets.toml, /media/jean/7AF8AFA7F8AF5FDD/gestao_clinica/.streamlit/secrets.toml
[2026-05-11 20:34:02] [ERROR] [database.repositories] Erro ao calcular stats do dashboard: No secrets found. Valid paths for a secrets.toml file or secret directories are: /home/jean/.streamlit/secrets.toml, /media/jean/7AF8AFA7F8AF5FDD/gestao_clinica/.streamlit/secrets.toml
[2026-05-11 20:34:02] [ERROR] [database.repositories] Erro ao listar atendimentos: No secrets found. Valid paths for a secrets.toml file or secret directories are: /home/jean/.streamlit/secrets.toml, /media/jean/7AF8AFA7F8AF5FDD/gestao_clinica/.streamlit/secrets.toml
[2026-05-11 20:34:02] [ERROR] [database.repositories] Erro ao listar atendimentos: No secrets found. Valid paths for a secrets.toml file or secret directories are: /home/jean/.streamlit/secrets.toml, /media/jean/7AF8AFA7F8AF5FDD/gestao_clinica/.streamlit/secrets.toml
[2026-05-11 20:34:02] [ERROR] [database.repositories] Erro ao listar atendimentos: No secrets found. Valid paths for a secrets.toml file or secret directories are: /home/jean/.streamlit/secrets.toml, /media/jean/7AF8AFA7F8AF5FDD/gestao_clinica/.streamlit/secrets.toml
[2026-05-11 20:34:02] [ERROR] [database.repositories] Erro ao listar atendimentos: No secrets found. Valid paths for a secrets.toml file or secret directories are: /home/jean/.streamlit/secrets.toml, /media/jean/7AF8AFA7F8AF5FDD/gestao_clinica/.streamlit/secrets.toml
[2026-05-11 20:53:36] [ERROR] [database.user_repositories] UserRepo: Erro ao buscar usuário 'admin': No secrets found. Valid paths for a secrets.toml file or secret directories are: /home/jean/.streamlit/secrets.toml, /media/jean/7AF8AFA7F8AF5FDD/gestao_clinica/.streamlit/secrets.toml
[2026-05-11 20:53:36] [ERROR] [database.user_repositories] UserRepo: Erro ao buscar usuário 'admin': No secrets found. Valid paths for a secrets.toml file or secret directories are: /home/jean/.streamlit/secrets.toml, /media/jean/7AF8AFA7F8AF5FDD/gestao_clinica/.streamlit/secrets.toml
[2026-05-11 20:53:36] [ERROR] [database.user_repositories] UserRepo: Erro ao buscar usuário 'admin': No secrets found. Valid paths for a secrets.toml file or secret directories are: /home/jean/.streamlit/secrets.toml, /media/jean/7AF8AFA7F8AF5FDD/gestao_clinica/.streamlit/secrets.toml
[2026-05-11 20:53:36] [ERROR] [database.user_repositories] UserRepo: Erro ao buscar usuário 'admin': No secrets found. Valid paths for a secrets.toml file or secret directories are: /home/jean/.streamlit/secrets.toml, /media/jean/7AF8AFA7F8AF5FDD/gestao_clinica/.streamlit/secrets.toml
[2026-05-11 20:53:36] [ERROR] [database.user_repositories] UserRepo: Erro ao buscar usuário 'admin': No secrets found. Valid paths for a secrets.toml file or secret directories are: /home/jean/.streamlit/secrets.toml, /media/jean/7AF8AFA7F8AF5FDD/gestao_clinica/.streamlit/secrets.toml
[2026-05-11 20:53:36] [ERROR] [database.repositories] Erro ao calcular stats do dashboard: No secrets found. Valid paths for a secrets.toml file or secret directories are: /home/jean/.streamlit/secrets.toml, /media/jean/7AF8AFA7F8AF5FDD/gestao_clinica/.streamlit/secrets.toml
[2026-05-11 20:53:36] [ERROR] [database.repositories] Erro ao calcular stats do dashboard: No secrets found. Valid paths for a secrets.toml file or secret directories are: /home/jean/.streamlit/secrets.toml, /media/jean/7AF8AFA7F8AF5FDD/gestao_clinica/.streamlit/secrets.toml
[2026-05-11 20:53:36] [ERROR] [database.repositories] Erro ao calcular stats do dashboard: No secrets found. Valid paths for a secrets.toml file or secret directories are: /home/jean/.streamlit/secrets.toml, /media/jean/7AF8AFA7F8AF5FDD/gestao_clinica/.streamlit/secrets.toml
[2026-05-11 20:53:36] [ERROR] [database.repositories] Erro ao calcular stats do dashboard: No secrets found. Valid paths for a secrets.toml file or secret directories are: /home/jean/.streamlit/secrets.toml, /media/jean/7AF8AFA7F8AF5FDD/gestao_clinica/.streamlit/secrets.toml
[2026-05-11 20:53:36] [ERROR] [database.repositories] Erro ao calcular stats do dashboard: No secrets found. Valid paths for a secrets.toml file or secret directories are: /home/jean/.streamlit/secrets.toml, /media/jean/7AF8AFA7F8AF5FDD/gestao_clinica/.streamlit/secrets.toml
[2026-05-11 20:53:36] [ERROR] [database.repositories] Erro ao listar atendimentos: No secrets found. Valid paths for a secrets.toml file or secret directories are: /home/jean/.streamlit/secrets.toml, /media/jean/7AF8AFA7F8AF5FDD/gestao_clinica/.streamlit/secrets.toml
[2026-05-11 20:53:36] [ERROR] [database.repositories] Erro ao listar atendimentos: No secrets found. Valid paths for a secrets.toml file or secret directories are: /home/jean/.streamlit/secrets.toml, /media/jean/7AF8AFA7F8AF5FDD/gestao_clinica/.streamlit/secrets.toml
[2026-05-11 20:53:36] [ERROR] [database.repositories] Erro ao listar atendimentos: No secrets found. Valid paths for a secrets.toml file or secret directories are: /home/jean/.streamlit/secrets.toml, /media/jean/7AF8AFA7F8AF5FDD/gestao_clinica/.streamlit/secrets.toml
[2026-05-11 20:53:36] [ERROR] [database.repositories] Erro ao listar atendimentos: No secrets found. Valid paths for a secrets.toml file or secret directories are: /home/jean/.streamlit/secrets.toml, /media/jean/7AF8AFA7F8AF5FDD/gestao_clinica/.streamlit/secrets.toml
[2026-05-11 20:53:36] [ERROR] [database.repositories] Erro ao listar atendimentos: No secrets found. Valid paths for a secrets.toml file or secret directories are: /home/jean/.streamlit/secrets.toml, /media/jean/7AF8AFA7F8AF5FDD/gestao_clinica/.streamlit/secrets.toml
[2026-05-11 21:04:35] [ERROR] [database.user_repositories] UserRepo: Erro ao buscar usuário 'admin': No secrets found. Valid paths for a secrets.toml file or secret directories are: /home/jean/.streamlit/secrets.toml, /media/jean/7AF8AFA7F8AF5FDD/gestao_clinica/.streamlit/secrets.toml
[2026-05-11 21:04:35] [ERROR] [database.user_repositories] UserRepo: Erro ao buscar usuário 'admin': No secrets found. Valid paths for a secrets.toml file or secret directories are: /home/jean/.streamlit/secrets.toml, /media/jean/7AF8AFA7F8AF5FDD/gestao_clinica/.streamlit/secrets.toml
[2026-05-11 21:04:35] [ERROR] [database.user_repositories] UserRepo: Erro ao buscar usuário 'admin': No secrets found. Valid paths for a secrets.toml file or secret directories are: /home/jean/.streamlit/secrets.toml, /media/jean/7AF8AFA7F8AF5FDD/gestao_clinica/.streamlit/secrets.toml
[2026-05-11 21:04:35] [ERROR] [database.user_repositories] UserRepo: Erro ao buscar usuário 'admin': No secrets found. Valid paths for a secrets.toml file or secret directories are: /home/jean/.streamlit/secrets.toml, /media/jean/7AF8AFA7F8AF5FDD/gestao_clinica/.streamlit/secrets.toml
[2026-05-11 21:04:35] [ERROR] [database.user_repositories] UserRepo: Erro ao buscar usuário 'admin': No secrets found. Valid paths for a secrets.toml file or secret directories are: /home/jean/.streamlit/secrets.toml, /media/jean/7AF8AFA7F8AF5FDD/gestao_clinica/.streamlit/secrets.toml
[2026-05-11 21:04:35] [ERROR] [database.user_repositories] UserRepo: Erro ao buscar usuário 'admin': No secrets found. Valid paths for a secrets.toml file or secret directories are: /home/jean/.streamlit/secrets.toml, /media/jean/7AF8AFA7F8AF5FDD/gestao_clinica/.streamlit/secrets.toml
[2026-05-11 21:04:35] [ERROR] [database.repositories] Erro ao calcular stats do dashboard: No secrets found. Valid paths for a secrets.toml file or secret directories are: /home/jean/.streamlit/secrets.toml, /media/jean/7AF8AFA7F8AF5FDD/gestao_clinica/.streamlit/secrets.toml
[2026-05-11 21:04:35] [ERROR] [database.repositories] Erro ao calcular stats do dashboard: No secrets found. Valid paths for a secrets.toml file or secret directories are: /home/jean/.streamlit/secrets.toml, /media/jean/7AF8AFA7F8AF5FDD/gestao_clinica/.streamlit/secrets.toml
[2026-05-11 21:04:35] [ERROR] [database.repositories] Erro ao calcular stats do dashboard: No secrets found. Valid paths for a secrets.toml file or secret directories are: /home/jean/.streamlit/secrets.toml, /media/jean/7AF8AFA7F8AF5FDD/gestao_clinica/.streamlit/secrets.toml
[2026-05-11 21:04:35] [ERROR] [database.repositories] Erro ao calcular stats do dashboard: No secrets found. Valid paths for a secrets.toml file or secret directories are: /home/jean/.streamlit/secrets.toml, /media/jean/7AF8AFA7F8AF5FDD/gestao_clinica/.streamlit/secrets.toml
[2026-05-11 21:04:35] [ERROR] [database.repositories] Erro ao calcular stats do dashboard: No secrets found. Valid paths for a secrets.toml file or secret directories are: /home/jean/.streamlit/secrets.toml, /media/jean/7AF8AFA7F8AF5FDD/gestao_clinica/.streamlit/secrets.toml
[2026-05-11 21:04:35] [ERROR] [database.repositories] Erro ao calcular stats do dashboard: No secrets found. Valid paths for a secrets.toml file or secret directories are: /home/jean/.streamlit/secrets.toml, /media/jean/7AF8AFA7F8AF5FDD/gestao_clinica/.streamlit/secrets.toml
[2026-05-11 21:04:35] [ERROR] [database.repositories] Erro ao listar atendimentos: No secrets found. Valid paths for a secrets.toml file or secret directories are: /home/jean/.streamlit/secrets.toml, /media/jean/7AF8AFA7F8AF5FDD/gestao_clinica/.streamlit/secrets.toml
[2026-05-11 21:04:35] [ERROR] [database.repositories] Erro ao listar atendimentos: No secrets found. Valid paths for a secrets.toml file or secret directories are: /home/jean/.streamlit/secrets.toml, /media/jean/7AF8AFA7F8AF5FDD/gestao_clinica/.streamlit/secrets.toml
[2026-05-11 21:04:35] [ERROR] [database.repositories] Erro ao listar atendimentos: No secrets found. Valid paths for a secrets.toml file or secret directories are: /home/jean/.streamlit/secrets.toml, /media/jean/7AF8AFA7F8AF5FDD/gestao_clinica/.streamlit/secrets.toml
[2026-05-11 21:04:35] [ERROR] [database.repositories] Erro ao listar atendimentos: No secrets found. Valid paths for a secrets.toml file or secret directories are: /home/jean/.streamlit/secrets.toml, /media/jean/7AF8AFA7F8AF5FDD/gestao_clinica/.streamlit/secrets.toml
[2026-05-11 21:04:35] [ERROR] [database.repositories] Erro ao listar atendimentos: No secrets found. Valid paths for a secrets.toml file or secret directories are: /home/jean/.streamlit/secrets.toml, /media/jean/7AF8AFA7F8AF5FDD/gestao_clinica/.streamlit/secrets.toml
[2026-05-11 21:04:35] [ERROR] [database.repositories] Erro ao listar atendimentos: No secrets found. Valid paths for a secrets.toml file or secret directories are: /home/jean/.streamlit/secrets.toml, /media/jean/7AF8AFA7F8AF5FDD/gestao_clinica/.streamlit/secrets.toml
[2026-05-11 21:11:11] [ERROR] [database.user_repositories] UserRepo: Erro ao buscar usuário 'admin': No secrets found. Valid paths for a secrets.toml file or secret directories are: /home/jean/.streamlit/secrets.toml, /media/jean/7AF8AFA7F8AF5FDD/gestao_clinica/.streamlit/secrets.toml
[2026-05-11 21:11:11] [ERROR] [database.user_repositories] UserRepo: Erro ao buscar usuário 'admin': No secrets found. Valid paths for a secrets.toml file or secret directories are: /home/jean/.streamlit/secrets.toml, /media/jean/7AF8AFA7F8AF5FDD/gestao_clinica/.streamlit/secrets.toml
[2026-05-11 21:11:11] [ERROR] [database.user_repositories] UserRepo: Erro ao buscar usuário 'admin': No secrets found. Valid paths for a secrets.toml file or secret directories are: /home/jean/.streamlit/secrets.toml, /media/jean/7AF8AFA7F8AF5FDD/gestao_clinica/.streamlit/secrets.toml
[2026-05-11 21:11:11] [ERROR] [database.user_repositories] UserRepo: Erro ao buscar usuário 'admin': No secrets found. Valid paths for a secrets.toml file or secret directories are: /home/jean/.streamlit/secrets.toml, /media/jean/7AF8AFA7F8AF5FDD/gestao_clinica/.streamlit/secrets.toml
[2026-05-11 21:11:11] [ERROR] [database.user_repositories] UserRepo: Erro ao buscar usuário 'admin': No secrets found. Valid paths for a secrets.toml file or secret directories are: /home/jean/.streamlit/secrets.toml, /media/jean/7AF8AFA7F8AF5FDD/gestao_clinica/.streamlit/secrets.toml
[2026-05-11 21:11:11] [ERROR] [database.user_repositories] UserRepo: Erro ao buscar usuário 'admin': No secrets found. Valid paths for a secrets.toml file or secret directories are: /home/jean/.streamlit/secrets.toml, /media/jean/7AF8AFA7F8AF5FDD/gestao_clinica/.streamlit/secrets.toml
[2026-05-11 21:11:11] [ERROR] [database.user_repositories] UserRepo: Erro ao buscar usuário 'admin': No secrets found. Valid paths for a secrets.toml file or secret directories are: /home/jean/.streamlit/secrets.toml, /media/jean/7AF8AFA7F8AF5FDD/gestao_clinica/.streamlit/secrets.toml
[2026-05-11 21:11:11] [ERROR] [database.repositories] Erro ao calcular stats do dashboard: No secrets found. Valid paths for a secrets.toml file or secret directories are: /home/jean/.streamlit/secrets.toml, /media/jean/7AF8AFA7F8AF5FDD/gestao_clinica/.streamlit/secrets.toml
[2026-05-11 21:11:11] [ERROR] [database.repositories] Erro ao calcular stats do dashboard: No secrets found. Valid paths for a secrets.toml file or secret directories are: /home/jean/.streamlit/secrets.toml, /media/jean/7AF8AFA7F8AF5FDD/gestao_clinica/.streamlit/secrets.toml
[2026-05-11 21:11:11] [ERROR] [database.repositories] Erro ao calcular stats do dashboard: No secrets found. Valid paths for a secrets.toml file or secret directories are: /home/jean/.streamlit/secrets.toml, /media/jean/7AF8AFA7F8AF5FDD/gestao_clinica/.streamlit/secrets.toml
[2026-05-11 21:11:11] [ERROR] [database.repositories] Erro ao calcular stats do dashboard: No secrets found. Valid paths for a secrets.toml file or secret directories are: /home/jean/.streamlit/secrets.toml, /media/jean/7AF8AFA7F8AF5FDD/gestao_clinica/.streamlit/secrets.toml
[2026-05-11 21:11:11] [ERROR] [database.repositories] Erro ao calcular stats do dashboard: No secrets found. Valid paths for a secrets.toml file or secret directories are: /home/jean/.streamlit/secrets.toml, /media/jean/7AF8AFA7F8AF5FDD/gestao_clinica/.streamlit/secrets.toml
[2026-05-11 21:11:11] [ERROR] [database.repositories] Erro ao calcular stats do dashboard: No secrets found. Valid paths for a secrets.toml file or secret directories are: /home/jean/.streamlit/secrets.toml, /media/jean/7AF8AFA7F8AF5FDD/gestao_clinica/.streamlit/secrets.toml
[2026-05-11 21:11:11] [ERROR] [database.repositories] Erro ao calcular stats do dashboard: No secrets found. Valid paths for a secrets.toml file or secret directories are: /home/jean/.streamlit/secrets.toml, /media/jean/7AF8AFA7F8AF5FDD/gestao_clinica/.streamlit/secrets.toml
[2026-05-11 21:11:12] [ERROR] [database.repositories] Erro ao listar atendimentos: No secrets found. Valid paths for a secrets.toml file or secret directories are: /home/jean/.streamlit/secrets.toml, /media/jean/7AF8AFA7F8AF5FDD/gestao_clinica/.streamlit/secrets.toml
[2026-05-11 21:11:12] [ERROR] [database.repositories] Erro ao listar atendimentos: No secrets found. Valid paths for a secrets.toml file or secret directories are: /home/jean/.streamlit/secrets.toml, /media/jean/7AF8AFA7F8AF5FDD/gestao_clinica/.streamlit/secrets.toml
[2026-05-11 21:11:12] [ERROR] [database.repositories] Erro ao listar atendimentos: No secrets found. Valid paths for a secrets.toml file or secret directories are: /home/jean/.streamlit/secrets.toml, /media/jean/7AF8AFA7F8AF5FDD/gestao_clinica/.streamlit/secrets.toml
[2026-05-11 21:11:12] [ERROR] [database.repositories] Erro ao listar atendimentos: No secrets found. Valid paths for a secrets.toml file or secret directories are: /home/jean/.streamlit/secrets.toml, /media/jean/7AF8AFA7F8AF5FDD/gestao_clinica/.streamlit/secrets.toml
[2026-05-11 21:11:12] [ERROR] [database.repositories] Erro ao listar atendimentos: No secrets found. Valid paths for a secrets.toml file or secret directories are: /home/jean/.streamlit/secrets.toml, /media/jean/7AF8AFA7F8AF5FDD/gestao_clinica/.streamlit/secrets.toml
[2026-05-11 21:11:12] [ERROR] [database.repositories] Erro ao listar atendimentos: No secrets found. Valid paths for a secrets.toml file or secret directories are: /home/jean/.streamlit/secrets.toml, /media/jean/7AF8AFA7F8AF5FDD/gestao_clinica/.streamlit/secrets.toml
[2026-05-11 21:11:12] [ERROR] [database.repositories] Erro ao listar atendimentos: No secrets found. Valid paths for a secrets.toml file or secret directories are: /home/jean/.streamlit/secrets.toml, /media/jean/7AF8AFA7F8AF5FDD/gestao_clinica/.streamlit/secrets.toml
[2026-05-11 21:13:53] [ERROR] [database.user_repositories] UserRepo: Erro ao buscar usuário 'admin': No secrets found. Valid paths for a secrets.toml file or secret directories are: /home/jean/.streamlit/secrets.toml, /media/jean/7AF8AFA7F8AF5FDD/gestao_clinica/.streamlit/secrets.toml
[2026-05-11 21:13:53] [ERROR] [database.user_repositories] UserRepo: Erro ao buscar usuário 'admin': No secrets found. Valid paths for a secrets.toml file or secret directories are: /home/jean/.streamlit/secrets.toml, /media/jean/7AF8AFA7F8AF5FDD/gestao_clinica/.streamlit/secrets.toml
[2026-05-11 21:13:53] [ERROR] [database.user_repositories] UserRepo: Erro ao buscar usuário 'admin': No secrets found. Valid paths for a secrets.toml file or secret directories are: /home/jean/.streamlit/secrets.toml, /media/jean/7AF8AFA7F8AF5FDD/gestao_clinica/.streamlit/secrets.toml
[2026-05-11 21:13:53] [ERROR] [database.user_repositories] UserRepo: Erro ao buscar usuário 'admin': No secrets found. Valid paths for a secrets.toml file or secret directories are: /home/jean/.streamlit/secrets.toml, /media/jean/7AF8AFA7F8AF5FDD/gestao_clinica/.streamlit/secrets.toml
[2026-05-11 21:13:53] [ERROR] [database.user_repositories] UserRepo: Erro ao buscar usuário 'admin': No secrets found. Valid paths for a secrets.toml file or secret directories are: /home/jean/.streamlit/secrets.toml, /media/jean/7AF8AFA7F8AF5FDD/gestao_clinica/.streamlit/secrets.toml
[2026-05-11 21:13:53] [ERROR] [database.user_repositories] UserRepo: Erro ao buscar usuário 'admin': No secrets found. Valid paths for a secrets.toml file or secret directories are: /home/jean/.streamlit/secrets.toml, /media/jean/7AF8AFA7F8AF5FDD/gestao_clinica/.streamlit/secrets.toml
[2026-05-11 21:13:53] [ERROR] [database.user_repositories] UserRepo: Erro ao buscar usuário 'admin': No secrets found. Valid paths for a secrets.toml file or secret directories are: /home/jean/.streamlit/secrets.toml, /media/jean/7AF8AFA7F8AF5FDD/gestao_clinica/.streamlit/secrets.toml
